// Jest Snapshot v1, https://goo.gl/fbAQLP

exports[`Marix get adjacentGraphMatrix 1`] = `
Array [
  Array [
    0,
    1,
  ],
  Array [
    0,
    0,
  ],
]
`;

exports[`Marix multiply boolean matrixes 1`] = `
Array [
  Array [
    1,
    1,
    1,
  ],
  Array [
    1,
    1,
    1,
  ],
  Array [
    0,
    0,
    1,
  ],
]
`;

exports[`Marix multiply matrixes 1`] = `
Array [
  Array [
    0,
    1,
  ],
  Array [
    0,
    1,
  ],
]
`;

exports[`Marix sum matrixes 1`] = `
Array [
  Array [
    2,
    1,
    0,
  ],
  Array [
    1,
    2,
    1,
  ],
  Array [
    0,
    0,
    2,
  ],
]
`;
